[spirthack.me/index.html]
[backblue.gif]
[fade.gif]
[index.html]
[spirthack.me/static/assets/css/vendors.css]
[spirthack.me/static/assets/css/appae52.css]
[spirthack.me/static/assets/favicon/apple-touch-iconcd51.png]
[spirthack.me/static/assets/favicon/favicon-32x32cd51.png]
[spirthack.me/static/assets/favicon/favicon-16x16cd51.png]
[spirthack.me/static/assets/favicon/site9f3a.webmanifest]
[spirthack.me/static/assets/favicon/safari-pinned-taba96d.svg]
[spirthack.me/static/assets/favicon/favicon9f3a.ico]
[www.google.com/recaptcha/api9acb.js]
[spirthack.me/static/assets/img/logo5440.png]
[spirthack.me/tos.html]
[mc.yandex.ru/metrika/tag.js]
[spirthack.me/static/assets/img/logo_35440.png]
[spirthack.me/help.html]
[spirthack.me/static/assets/img/_ionicons_svg_md-person-addd1b4.svg]
[spirthack.me/static/assets/img/_ionicons_svg_md-log-in1300.svg]
[spirthack.me/static/assets/img/screen_1bd86.jpg]
[spirthack.me/static/assets/img/screen_2bd86.jpg]
[spirthack.me/static/assets/img/screen_3bd86.jpg]
[spirthack.me/static/assets/img/_ionicons_svg_ios-arrow-round-backa467.svg]
[spirthack.me/static/assets/img/_ionicons_svg_ios-arrow-round-forward2534.svg]
[spirthack.me/static/assets/img/_ionicons_svg_md-arrow-dropright-circle7880.svg]
[spirthack.me/static/assets/img/29692.png]
[spirthack.me/static/assets/img/32290.png]
[spirthack.me/static/assets/img/840b1.png]
[spirthack.me/static/assets/img/5ff3f.png]
[spirthack.me/static/assets/img/640b1.png]
[spirthack.me/static/assets/img/paymaster.svg]
[spirthack.me/contacts.html]
[spirthack.me/static/assets/js/vendors7b30.js]
[spirthack.me/static/assets/js/app7893.js]
[spirthack.me/index.html]
[spirthack.me/cdn-cgi/scripts/7d0fa10a/cloudflare-static/rocket-loader.min.js]
[spirthack.me/static/assets/img/owl.video.playc448.png]
[spirthack.me/static/assets/css/vendors.css]
[spirthack.me/static/assets/fonts/MuseoSansCyrl-700.woff2]
[spirthack.me/static/assets/fonts/MuseoSansCyrl-700.woff]
[spirthack.me/static/assets/fonts/MuseoSansCyrl-300.woff2]
[spirthack.me/static/assets/fonts/MuseoSansCyrl-300.woff]
[spirthack.me/static/assets/fonts/MuseoSansCyrl-500.woff2]
[spirthack.me/static/assets/fonts/MuseoSansCyrl-500.woff]
[spirthack.me/static/assets/fonts/MuseoSansCyrl-100.woff2]
[spirthack.me/static/assets/fonts/MuseoSansCyrl-100.woff]
[spirthack.me/static/assets/fonts/MuseoSansCyrl-900.woff2]
[spirthack.me/static/assets/fonts/MuseoSansCyrl-900.woff]
[spirthack.me/static/assets/img/bg3a07.png]
[spirthack.me/static/assets/img/settingsbfd8.svg]
[spirthack.me/static/assets/img/rleftd454.png]
[spirthack.me/static/assets/img/rrightda55.png]
[spirthack.me/static/assets/img/rou_line5e9d.png]
[spirthack.me/static/assets/css/appae52.css]
[spirthack.me/static/assets/favicon/safari-pinned-taba96d.svg]
[spirthack.me/cdn-cgi/l/email-protection.html]
[spirthack.me/tos.html]
[spirthack.me/cdn-cgi/scripts/5c5dd728/cloudflare-static/email-decode.min.js]
[spirthack.me/help.html]
[spirthack.me/static/assets/img/_ionicons_svg_md-person-addd1b4.svg]
[spirthack.me/static/assets/img/_ionicons_svg_md-log-in1300.svg]
[spirthack.me/static/assets/img/_ionicons_svg_ios-arrow-round-backa467.svg]
[spirthack.me/static/assets/img/_ionicons_svg_ios-arrow-round-forward2534.svg]
[spirthack.me/static/assets/img/_ionicons_svg_md-arrow-dropright-circle7880.svg]
[spirthack.me/static/assets/img/paymaster.svg]
[spirthack.me/contacts.html]
[spirthack.me/static/assets/img/settingsbfd8.svg]
[spirthack.me/cdn-cgi/l/email-protection.html]
